// Jest Snapshot v1, https://goo.gl/fbAQLP

exports[`<App /> renders correctly 1`] = `
<BrowserRouter>
  <Switch>
    <Route
      component={[Function]}
      exact={true}
      path="/"
    />
    <Route
      component={[Function]}
      exact={true}
      path="/login"
    />
    <Connect(PrivateRoute)
      component={[Function]}
      path="/search"
    />
    <Route
      component={[Function]}
    />
  </Switch>
</BrowserRouter>
`;
